2025-01-17 14:44:00 | DEBUG | repo=HandBrake | action=commit
2025-04-07 11:48:00 | DEBUG | repo=HandBrake | action=commit
2025-06-15 09:43:00 | INFO | repo=HandBrake | action=commit
2025-01-15 18:02:00 | WARN | repo=HandBrake | action=commit
2025-10-03 20:55:00 | DEBUG | repo=HandBrake | action=commit
2025-06-18 10:17:00 | DEBUG | repo=HandBrake | action=commit
2025-03-18 12:36:00 | INFO | repo=HandBrake | action=commit
2025-05-14 16:49:00 | DEBUG | repo=HandBrake | action=pull
2025-10-09 19:14:00 | WARN | repo=HandBrake | action=test | passed=true
2025-11-18 19:32:00 | WARN | repo=HandBrake | action=commit
2025-04-08 08:54:00 | WARN | repo=HandBrake | action=commit
2025-09-27 07:21:00 | DEBUG | repo=HandBrake | action=commit
2025-05-16 19:56:00 | INFO | repo=HandBrake | action=test | passed=true
2025-03-02 18:43:00 | INFO | repo=HandBrake | action=commit
2025-09-01 08:34:00 | INFO | repo=HandBrake | action=commit
2025-07-12 11:03:00 | DEBUG | repo=HandBrake | action=commit
2025-12-14 19:28:00 | WARN | repo=HandBrake | action=commit
2025-10-04 15:44:00 | DEBUG | repo=HandBrake | action=pull
2025-08-02 08:02:00 | WARN | repo=HandBrake | action=commit
2025-01-06 18:56:00 | DEBUG | repo=HandBrake | action=commit
2025-05-02 16:40:00 | DEBUG | repo=HandBrake | action=edit | files=2
2025-09-06 08:24:00 | DEBUG | repo=HandBrake | action=commit
2025-07-21 09:15:00 | DEBUG | repo=HandBrake | action=commit
2025-12-14 18:25:00 | DEBUG | repo=HandBrake | action=commit
2025-04-22 20:37:00 | WARN | repo=HandBrake | action=commit
2025-08-07 20:23:00 | WARN | repo=HandBrake | action=commit
2025-12-06 15:34:00 | INFO | repo=HandBrake | action=pull
2025-04-06 17:48:00 | WARN | repo=HandBrake | action=commit
2025-06-17 15:37:00 | DEBUG | repo=HandBrake | action=commit
2025-08-16 21:09:00 | WARN | repo=HandBrake | action=commit
2025-08-02 21:03:00 | DEBUG | repo=HandBrake | action=commit
2025-12-24 16:32:00 | WARN | repo=HandBrake | action=pull
2025-04-18 17:02:00 | INFO | repo=HandBrake | action=commit
2025-04-11 11:46:00 | WARN | repo=HandBrake | action=commit
2025-07-08 18:14:00 | DEBUG | repo=HandBrake | action=commit
2025-06-20 08:22:00 | DEBUG | repo=HandBrake | action=commit
2025-09-14 07:17:00 | WARN | repo=HandBrake | action=commit
2025-03-09 20:06:00 | WARN | repo=HandBrake | action=commit
2025-11-04 20:29:00 | INFO | repo=HandBrake | action=commit
2025-11-11 15:51:00 | WARN | repo=HandBrake | action=commit
2025-08-24 14:38:00 | INFO | repo=HandBrake | action=commit
2025-07-26 21:29:00 | INFO | repo=HandBrake | action=commit
2025-06-08 07:04:00 | WARN | repo=HandBrake | action=pull
2025-02-18 17:38:00 | DEBUG | repo=HandBrake | action=commit
2025-11-07 08:04:00 | INFO | repo=HandBrake | action=pull
2025-09-01 20:30:00 | DEBUG | repo=HandBrake | action=pull
2025-05-05 20:39:00 | DEBUG | repo=HandBrake | action=commit
2025-09-02 07:42:00 | WARN | repo=HandBrake | action=commit
2025-03-16 08:35:00 | INFO | repo=HandBrake | action=commit
2025-05-22 19:38:00 | WARN | repo=HandBrake | action=commit
2025-08-01 19:48:00 | WARN | repo=HandBrake | action=edit | files=4
2025-06-19 21:44:00 | WARN | repo=HandBrake | action=commit
2025-07-05 07:13:00 | INFO | repo=HandBrake | action=commit
2025-12-28 19:58:00 | INFO | repo=HandBrake | action=commit
2025-07-23 15:27:00 | WARN | repo=HandBrake | action=commit
2025-01-14 13:02:00 | DEBUG | repo=HandBrake | action=edit | files=5
2025-06-24 20:08:00 | DEBUG | repo=HandBrake | action=commit
2025-12-16 18:08:00 | INFO | repo=HandBrake | action=commit
2025-06-01 07:51:00 | INFO | repo=HandBrake | action=commit
2025-11-22 09:02:00 | INFO | repo=HandBrake | action=commit
2025-08-08 17:22:00 | WARN | repo=HandBrake | action=commit
2025-08-28 14:10:00 | WARN | repo=HandBrake | action=commit
2025-11-24 07:24:00 | DEBUG | repo=HandBrake | action=pull
2025-10-23 17:51:00 | WARN | repo=HandBrake | action=commit
2025-10-08 08:50:00 | INFO | repo=HandBrake | action=test | passed=true
2025-09-09 09:26:00 | INFO | repo=HandBrake | action=test | passed=true
2025-07-14 20:41:00 | INFO | repo=HandBrake | action=commit
2025-08-16 08:46:00 | INFO | repo=HandBrake | action=commit
2025-05-13 15:37:00 | DEBUG | repo=HandBrake | action=commit
2025-09-28 21:24:00 | INFO | repo=HandBrake | action=commit
2025-05-25 10:35:00 | INFO | repo=HandBrake | action=edit | files=3
2025-02-20 07:51:00 | DEBUG | repo=HandBrake | action=commit
2025-03-05 19:49:00 | WARN | repo=HandBrake | action=pull
2025-07-06 12:26:00 | WARN | repo=HandBrake | action=edit | files=3
2025-11-20 19:10:00 | DEBUG | repo=HandBrake | action=commit
2025-12-27 09:42:00 | WARN | repo=HandBrake | action=commit
2025-10-07 16:52:00 | DEBUG | repo=HandBrake | action=commit
2025-02-23 16:54:00 | DEBUG | repo=HandBrake | action=commit
2025-12-24 11:53:00 | DEBUG | repo=HandBrake | action=commit
2025-05-16 19:56:00 | INFO | repo=HandBrake | action=commit
2025-04-18 14:23:00 | WARN | repo=HandBrake | action=commit
2025-11-05 21:45:00 | INFO | repo=HandBrake | action=commit
2025-03-26 07:10:00 | DEBUG | repo=HandBrake | action=commit
2025-09-25 14:21:00 | WARN | repo=HandBrake | action=pull
2025-01-16 13:44:00 | WARN | repo=HandBrake | action=edit | files=5
2025-01-10 07:46:00 | INFO | repo=HandBrake | action=commit
2025-03-03 08:34:00 | DEBUG | repo=HandBrake | action=commit
2025-07-24 15:59:00 | WARN | repo=HandBrake | action=commit
2025-06-27 11:31:00 | INFO | repo=HandBrake | action=commit
2025-12-21 08:39:00 | INFO | repo=HandBrake | action=commit
2025-10-20 19:21:00 | INFO | repo=HandBrake | action=commit
2025-11-11 15:15:00 | WARN | repo=HandBrake | action=pull
2025-10-15 08:43:00 | INFO | repo=HandBrake | action=commit
2025-12-28 19:42:00 | INFO | repo=HandBrake | action=commit
2025-11-13 09:48:00 | DEBUG | repo=HandBrake | action=commit
2025-03-22 21:05:00 | WARN | repo=HandBrake | action=pull
2025-06-12 09:16:00 | DEBUG | repo=HandBrake | action=edit | files=1
2025-02-13 09:35:00 | DEBUG | repo=HandBrake | action=commit
2025-08-12 07:02:00 | DEBUG | repo=HandBrake | action=pull
2025-04-07 09:30:00 | WARN | repo=HandBrake | action=edit | files=3
2025-02-05 20:58:00 | WARN | repo=HandBrake | action=commit
2025-07-11 18:23:00 | DEBUG | repo=HandBrake | action=commit
2025-02-22 19:31:00 | INFO | repo=HandBrake | action=commit
2025-08-27 21:53:00 | INFO | repo=HandBrake | action=commit
2025-01-16 08:02:00 | DEBUG | repo=HandBrake | action=commit
2025-02-05 19:57:00 | WARN | repo=HandBrake | action=commit
